TLC2 Version 2.19 of 08 August 2024 (rev: 5a47802)
Warning: Please run the Java VM which executes TLC with a throughput optimized garbage collector by passing the "-XX:+UseParallelGC" property.
(Use the -nowarning option to disable this warning.)
Running breadth-first search Model-Checking with fp 0 and seed 20260815 with 1 worker on 16 cores with 15768MB heap and 64MB offheap memory [pid: 42932] (Windows 11 10.0 amd64, Microsoft 11.0.31 x86_64, MSBDiskFPSet, DiskStateQueue).
Parsing file C:\Codes\tsuyoshi-otake\sakura-input\verification\tla\ShiftLatinInput.tla
Parsing file C:\Users\developer\AppData\Local\Temp\Naturals.tla
Parsing file C:\Users\developer\AppData\Local\Temp\Sequences.tla
Parsing file C:\Users\developer\AppData\Local\Temp\FiniteSets.tla
Parsing file C:\Users\developer\AppData\Local\Temp\TLC.tla
Semantic processing of module Naturals
Semantic processing of module Sequences
Semantic processing of module FiniteSets
Semantic processing of module TLC
Semantic processing of module ShiftLatinInput
Starting... (2026-08-15 14:21:50)
Implied-temporal checking--satisfiability problem has 1 branches.
Computing initial states...
Finished computing initial states: 1 distinct state generated at 2026-08-15 14:21:50.
Checking temporal properties for the current state space with 154199 total distinct states at (2026-08-15 14:21:53)
Finished checking temporal properties in 01s at 2026-08-15 14:21:54
Progress(9) at 2026-08-15 14:21:54: 444,699 states generated (444,699 s/min), 154,199 distinct states found (154,199 ds/min), 117,298 states left on queue.
Progress(9) at 2026-08-15 14:21:57: 904,088 states generated, 246,917 distinct states found, 0 states left on queue.
Checking temporal properties for the complete state space with 246917 total distinct states at (2026-08-15 14:21:57)
Finished checking temporal properties in 04s at 2026-08-15 14:22:01
Model checking completed. No error has been found.
  Estimates of the probability that TLC did not check all reachable states
  because two distinct states had the same fingerprint:
  calculated (optimistic):  val = 8.8E-9
  based on the actual fingerprints:  val = 5.6E-9
The coverage statistics at 2026-08-15 14:22:02
<Init line 61, col 1 to line 61, col 4 of module ShiftLatinInput>: 1:1
  line 62, col 5 to line 69, col 25 of module ShiftLatinInput: 1
<ShiftDown line 73, col 1 to line 73, col 9 of module ShiftLatinInput>: 8:59320
  line 71, col 17 to line 71, col 38 of module ShiftLatinInput: 59320
  |line 71, col 17 to line 71, col 26 of module ShiftLatinInput: 246922
  |line 71, col 30 to line 71, col 38 of module ShiftLatinInput: 246922
  line 75, col 8 to line 75, col 24 of module ShiftLatinInput: 59320
  line 76, col 8 to line 76, col 35 of module ShiftLatinInput: 59320
  line 77, col 8 to line 77, col 82 of module ShiftLatinInput: 59320
<ShiftUp line 79, col 1 to line 79, col 7 of module ShiftLatinInput>: 38:59320
  line 71, col 17 to line 71, col 38 of module ShiftLatinInput: 59320
  |line 71, col 17 to line 71, col 26 of module ShiftLatinInput: 246922
  |line 71, col 30 to line 71, col 38 of module ShiftLatinInput: 246922
  line 81, col 8 to line 81, col 25 of module ShiftLatinInput: 59320
  line 82, col 8 to line 82, col 35 of module ShiftLatinInput: 59320
  line 83, col 8 to line 83, col 82 of module ShiftLatinInput: 59320
<TypeLetter line 91, col 1 to line 91, col 14 of module ShiftLatinInput>: 161173:302985
  line 71, col 17 to line 71, col 38 of module ShiftLatinInput: 177810
  |line 71, col 17 to line 71, col 26 of module ShiftLatinInput: 1234610
  |line 71, col 30 to line 71, col 38 of module ShiftLatinInput: 1234610
  line 93, col 8 to line 93, col 21 of module ShiftLatinInput: 474410
  |line 93, col 8 to line 93, col 9 of module ShiftLatinInput: 296600
  |line 93, col 15 to line 93, col 21 of module ShiftLatinInput: 296600
  line 94, col 8 to line 94, col 18 of module ShiftLatinInput: 474410
  |line 94, col 9 to line 94, col 18 of module ShiftLatinInput: 296600
  line 95, col 8 to line 95, col 30 of module ShiftLatinInput: 177810
  |line 95, col 8 to line 95, col 21 of module ShiftLatinInput: 245200
  |line 95, col 25 to line 95, col 30 of module ShiftLatinInput: 245200
  line 96, col 11 to line 96, col 19 of module ShiftLatinInput: 149585
  line 97, col 11 to line 97, col 17 of module ShiftLatinInput: 153400
  line 98, col 8 to line 98, col 51 of module ShiftLatinInput: 302985
  line 99, col 8 to line 99, col 27 of module ShiftLatinInput: 302985
  line 100, col 8 to line 100, col 22 of module ShiftLatinInput: 302985
  line 101, col 8 to line 101, col 35 of module ShiftLatinInput: 302985
  line 102, col 8 to line 102, col 65 of module ShiftLatinInput: 302985
<CommitAndType line 104, col 1 to line 104, col 17 of module ShiftLatinInput>: 13600:35775
  line 71, col 17 to line 71, col 38 of module ShiftLatinInput: 35775
  |line 71, col 17 to line 71, col 26 of module ShiftLatinInput: 1234610
  |line 71, col 30 to line 71, col 38 of module ShiftLatinInput: 1234610
  line 106, col 8 to line 106, col 21 of module ShiftLatinInput: 332375
  |line 106, col 8 to line 106, col 9 of module ShiftLatinInput: 296600
  |line 106, col 15 to line 106, col 21 of module ShiftLatinInput: 296600
  line 107, col 8 to line 107, col 17 of module ShiftLatinInput: 35775
  line 108, col 8 to line 108, col 47 of module ShiftLatinInput: 35775
  |line 108, col 8 to line 108, col 38 of module ShiftLatinInput: 51400
  |line 108, col 42 to line 108, col 47 of module ShiftLatinInput: 51400
  line 109, col 8 to line 109, col 42 of module ShiftLatinInput: 35775
  line 110, col 8 to line 110, col 26 of module ShiftLatinInput: 35775
  line 111, col 8 to line 111, col 18 of module ShiftLatinInput: 35775
  line 112, col 8 to line 112, col 22 of module ShiftLatinInput: 35775
  line 113, col 8 to line 113, col 26 of module ShiftLatinInput: 35775
  line 114, col 8 to line 114, col 35 of module ShiftLatinInput: 35775
  line 115, col 8 to line 115, col 42 of module ShiftLatinInput: 35775
<Backspace line 117, col 1 to line 117, col 9 of module ShiftLatinInput>: 0:51915
  line 71, col 17 to line 71, col 38 of module ShiftLatinInput: 51915
  |line 71, col 17 to line 71, col 26 of module ShiftLatinInput: 246922
  |line 71, col 30 to line 71, col 38 of module ShiftLatinInput: 246922
  line 119, col 11 to line 119, col 20 of module ShiftLatinInput: 59320
  line 120, col 16 to line 120, col 34 of module ShiftLatinInput: 10280
  line 121, col 16 to line 121, col 55 of module ShiftLatinInput: 10280
  line 122, col 16 to line 122, col 25 of module ShiftLatinInput: 41635
  |line 122, col 16 to line 122, col 21 of module ShiftLatinInput: 49040
  line 123, col 16 to line 123, col 59 of module ShiftLatinInput: 41635
  line 124, col 16 to line 124, col 35 of module ShiftLatinInput: 41635
  line 125, col 16 to line 125, col 72 of module ShiftLatinInput: 41635
  |line 125, col 27 to line 125, col 72 of module ShiftLatinInput: 41635
  ||line 125, col 30 to line 125, col 48 of module ShiftLatinInput: 41635
  ||line 125, col 55 to line 125, col 59 of module ShiftLatinInput: 5860
  ||line 125, col 66 to line 125, col 72 of module ShiftLatinInput: 35775
  line 126, col 16 to line 126, col 34 of module ShiftLatinInput: 41635
  line 127, col 8 to line 127, col 35 of module ShiftLatinInput: 51915
  line 128, col 8 to line 128, col 26 of module ShiftLatinInput: 51915
  line 129, col 8 to line 129, col 41 of module ShiftLatinInput: 51915
<DeleteForward line 131, col 1 to line 131, col 13 of module ShiftLatinInput>: 0:9970
  line 71, col 17 to line 71, col 38 of module ShiftLatinInput: 9970
  |line 71, col 17 to line 71, col 26 of module ShiftLatinInput: 246922
  |line 71, col 30 to line 71, col 38 of module ShiftLatinInput: 246922
  line 133, col 8 to line 133, col 18 of module ShiftLatinInput: 69290
  |line 133, col 9 to line 133, col 18 of module ShiftLatinInput: 59320
  line 134, col 8 to line 134, col 30 of module ShiftLatinInput: 9970
  |line 134, col 8 to line 134, col 13 of module ShiftLatinInput: 49040
  |line 134, col 17 to line 134, col 30 of module ShiftLatinInput: 49040
  line 135, col 8 to line 135, col 55 of module ShiftLatinInput: 9970
  line 136, col 8 to line 136, col 64 of module ShiftLatinInput: 9970
  |line 136, col 19 to line 136, col 64 of module ShiftLatinInput: 9970
  ||line 136, col 22 to line 136, col 40 of module ShiftLatinInput: 9970
  ||line 136, col 47 to line 136, col 51 of module ShiftLatinInput: 1170
  ||line 136, col 58 to line 136, col 64 of module ShiftLatinInput: 8800
  line 137, col 8 to line 137, col 35 of module ShiftLatinInput: 9970
  line 138, col 8 to line 138, col 73 of module ShiftLatinInput: 9970
<MoveLeft line 140, col 1 to line 140, col 8 of module ShiftLatinInput>: 15267:41635
  line 71, col 17 to line 71, col 38 of module ShiftLatinInput: 41635
  |line 71, col 17 to line 71, col 26 of module ShiftLatinInput: 246922
  |line 71, col 30 to line 71, col 38 of module ShiftLatinInput: 246922
  line 142, col 8 to line 142, col 18 of module ShiftLatinInput: 100955
  |line 142, col 9 to line 142, col 18 of module ShiftLatinInput: 59320
  line 143, col 8 to line 143, col 17 of module ShiftLatinInput: 41635
  |line 143, col 8 to line 143, col 13 of module ShiftLatinInput: 49040
  line 144, col 8 to line 144, col 27 of module ShiftLatinInput: 41635
  line 145, col 8 to line 145, col 35 of module ShiftLatinInput: 41635
  line 146, col 8 to line 146, col 85 of module ShiftLatinInput: 41635
<MoveRight line 148, col 1 to line 148, col 9 of module ShiftLatinInput>: 0:9970
  line 71, col 17 to line 71, col 38 of module ShiftLatinInput: 9970
  |line 71, col 17 to line 71, col 26 of module ShiftLatinInput: 246922
  |line 71, col 30 to line 71, col 38 of module ShiftLatinInput: 246922
  line 150, col 8 to line 150, col 18 of module ShiftLatinInput: 69290
  |line 150, col 9 to line 150, col 18 of module ShiftLatinInput: 59320
  line 151, col 8 to line 151, col 30 of module ShiftLatinInput: 9970
  |line 151, col 8 to line 151, col 13 of module ShiftLatinInput: 49040
  |line 151, col 17 to line 151, col 30 of module ShiftLatinInput: 49040
  line 152, col 8 to line 152, col 27 of module ShiftLatinInput: 9970
  line 153, col 8 to line 153, col 35 of module ShiftLatinInput: 9970
  line 154, col 8 to line 154, col 85 of module ShiftLatinInput: 9970
<Convert line 156, col 1 to line 156, col 7 of module ShiftLatinInput>: 43175:43180
  line 71, col 17 to line 71, col 38 of module ShiftLatinInput: 43180
  |line 71, col 17 to line 71, col 26 of module ShiftLatinInput: 246922
  |line 71, col 30 to line 71, col 38 of module ShiftLatinInput: 246922
  line 158, col 8 to line 158, col 18 of module ShiftLatinInput: 102500
  |line 158, col 9 to line 158, col 18 of module ShiftLatinInput: 59320
  line 159, col 8 to line 159, col 25 of module ShiftLatinInput: 43180
  |line 159, col 8 to line 159, col 21 of module ShiftLatinInput: 49040
  line 160, col 8 to line 160, col 25 of module ShiftLatinInput: 43180
  line 161, col 8 to line 161, col 35 of module ShiftLatinInput: 43180
  line 162, col 8 to line 162, col 81 of module ShiftLatinInput: 43180
<Cancel line 164, col 1 to line 164, col 6 of module ShiftLatinInput>: 0:59320
  line 71, col 17 to line 71, col 38 of module ShiftLatinInput: 59320
  |line 71, col 17 to line 71, col 26 of module ShiftLatinInput: 246922
  |line 71, col 30 to line 71, col 38 of module ShiftLatinInput: 246922
  line 166, col 11 to line 166, col 20 of module ShiftLatinInput: 59320
  line 167, col 16 to line 167, col 34 of module ShiftLatinInput: 10280
  line 168, col 16 to line 168, col 55 of module ShiftLatinInput: 10280
  line 169, col 13 to line 172, col 34 of module ShiftLatinInput: 49040
  line 173, col 8 to line 173, col 35 of module ShiftLatinInput: 59320
  line 174, col 8 to line 174, col 53 of module ShiftLatinInput: 59320
<Commit line 176, col 1 to line 176, col 6 of module ShiftLatinInput>: 13655:43180
  line 71, col 17 to line 71, col 38 of module ShiftLatinInput: 43180
  |line 71, col 17 to line 71, col 26 of module ShiftLatinInput: 246922
  |line 71, col 30 to line 71, col 38 of module ShiftLatinInput: 246922
  line 178, col 8 to line 178, col 18 of module ShiftLatinInput: 102500
  |line 178, col 9 to line 178, col 18 of module ShiftLatinInput: 59320
  line 179, col 8 to line 179, col 25 of module ShiftLatinInput: 43180
  |line 179, col 8 to line 179, col 21 of module ShiftLatinInput: 49040
  line 180, col 8 to line 180, col 48 of module ShiftLatinInput: 43180
  line 181, col 8 to line 181, col 42 of module ShiftLatinInput: 43180
  line 182, col 8 to line 182, col 25 of module ShiftLatinInput: 43180
  line 183, col 8 to line 183, col 18 of module ShiftLatinInput: 43180
  line 184, col 8 to line 184, col 23 of module ShiftLatinInput: 43180
  line 185, col 8 to line 185, col 35 of module ShiftLatinInput: 43180
  line 186, col 8 to line 186, col 54 of module ShiftLatinInput: 43180
<Idle line 188, col 1 to line 188, col 4 of module ShiftLatinInput>: 0:187602
  line 189, col 8 to line 189, col 29 of module ShiftLatinInput: 434524
  |line 189, col 8 to line 189, col 17 of module ShiftLatinInput: 246922
  |line 189, col 21 to line 189, col 29 of module ShiftLatinInput: 246922
  line 190, col 8 to line 190, col 21 of module ShiftLatinInput: 187602
<TypeOK line 48, col 1 to line 48, col 6 of module ShiftLatinInput>
  line 49, col 5 to line 59, col 29 of module ShiftLatinInput: 246917
<CursorInRange line 211, col 1 to line 211, col 13 of module ShiftLatinInput>
  line 211, col 18 to line 211, col 41 of module ShiftLatinInput: 246917
<NoHostSteal line 212, col 1 to line 212, col 11 of module ShiftLatinInput>
  line 212, col 16 to line 212, col 33 of module ShiftLatinInput: 246917
<LatchImpliesBuffer line 213, col 1 to line 213, col 18 of module ShiftLatinInput>
  line 213, col 23 to line 213, col 67 of module ShiftLatinInput: 246917
  |line 213, col 23 to line 213, col 29 of module ShiftLatinInput: 246917
  |line 213, col 35 to line 213, col 66 of module ShiftLatinInput: 233245
<EmptyReleasesLatch line 214, col 1 to line 214, col 18 of module ShiftLatinInput>
  line 214, col 23 to line 214, col 69 of module ShiftLatinInput: 246917
  |line 214, col 24 to line 214, col 56 of module ShiftLatinInput: 246917
  ||line 214, col 24 to line 214, col 41 of module ShiftLatinInput: 246917
  ||line 214, col 46 to line 214, col 56 of module ShiftLatinInput: 13672
  |line 214, col 62 to line 214, col 69 of module ShiftLatinInput: 13672
End of statistics.
904088 states generated, 246917 distinct states found, 0 states left on queue.
The depth of the complete state graph search is 9.
The average outdegree of the complete state graph is 1 (minimum is 0, the maximum 9 and the 95th percentile is 7).
Finished in 12s at (2026-08-15 14:22:02)
